/puppeteer-data/workspace /puppeteer-data/workspace
+ ls -a1
.
..
.git
.gitignore
CHANGELOG
LICENSE
binary.jpg
go
json
php
vendor
